******************************************************************************
             TMS320C2000 Linker PC v16.9.6                     
******************************************************************************
>> Linked Tue Mar 06 19:39:33 2018

OUTPUT FILE NAME:   <KT1205_MGI_V7.2_REVC_MASTER_GPRS_180301_UID_AK.out>
ENTRY POINT SYMBOL: "_c_int00"  address: 003edd4f


MEMORY CONFIGURATION

         name            origin    length      used     unused   attr    fill
----------------------  --------  ---------  --------  --------  ----  --------
PAGE 0:
  RAML1                 00008800   00000400  00000200  00000200  RWIX
  RAML3                 00009000   00001000  00000c0a  000003f6  RWIX
  OTP                   003d7800   00000400  00000000  00000400  RWIX
  FLASHH                003e8000   00002000  00000000  00002000  RWIX
  FLASHG                003ea000   00002000  00000200  00001e00  RWIX
  FLASHE                003ec000   00004000  00001f92  0000206e  RWIX
  FLASHD                003f0000   00002000  00000c0a  000013f6  RWIX
  FLASHC                003f2000   00002000  000002bc  00001d44  RWIX
  FLASHA                003f6000   00001f80  000007a8  000017d8  RWIX
  CSM_RSVD              003f7f80   00000076  00000000  00000076  RWIX
  BEGIN                 003f7ff6   00000002  00000002  00000000  RWIX
  CSM_PWL_P0            003f7ff8   00000008  00000000  00000008  RWIX
  IQTABLES              003fe000   00000b50  00000b50  00000000  RWIX
  IQTABLES2             003feb50   0000008c  00000000  0000008c  RWIX
  IQTABLES3             003febdc   000000aa  00000000  000000aa  RWIX
  ROM                   003ff27c   00000d44  00000000  00000d44  RWIX
  RESET                 003fffc0   00000002  00000000  00000002  RWIX
  VECTORS               003fffc2   0000003e  00000000  0000003e  RWIX

PAGE 1:
  BOOT_RSVD             00000000   00000050  00000000  00000050  RWIX
  RAMM0                 00000050   000003b0  00000300  000000b0  RWIX
  RAMM1                 00000400   00000400  00000000  00000400  RWIX
  DEV_EMU               00000880   00000105  00000004  00000101  RWIX
  SYS_PWR_CTL           00000985   00000003  00000003  00000000  RWIX
  FLASH_REGS            00000a80   00000060  00000008  00000058  RWIX
  CSM                   00000ae0   00000010  00000010  00000000  RWIX
  ADC_RESULT            00000b00   00000020  00000020  00000000  RWIX
  CPU_TIMER0            00000c00   00000008  00000008  00000000  RWIX
  CPU_TIMER1            00000c08   00000008  00000008  00000000  RWIX
  CPU_TIMER2            00000c10   00000008  00000008  00000000  RWIX
  PIE_CTRL              00000ce0   00000020  0000001a  00000006  RWIX
  PIE_VECT              00000d00   00000100  00000100  00000000  RWIX
  CLA1                  00001400   00000080  00000040  00000040  RWIX
  ECANA                 00006000   00000040  00000034  0000000c  RWIX
  ECANA_LAM             00006040   00000040  00000040  00000000  RWIX
  ECANA_MOTS            00006080   00000040  00000040  00000000  RWIX
  ECANA_MOTO            000060c0   00000040  00000040  00000000  RWIX
  ECANA_MBOX            00006100   00000100  00000100  00000000  RWIX
  COMP1                 00006400   00000020  00000011  0000000f  RWIX
  COMP2                 00006420   00000020  00000011  0000000f  RWIX
  COMP3                 00006440   00000020  00000011  0000000f  RWIX
  EPWM1                 00006800   00000040  0000003a  00000006  RWIX
  EPWM2                 00006840   00000040  0000003a  00000006  RWIX
  EPWM3                 00006880   00000040  0000003a  00000006  RWIX
  EPWM4                 000068c0   00000040  0000003a  00000006  RWIX
  EPWM5                 00006900   00000040  0000003a  00000006  RWIX
  EPWM6                 00006940   00000040  0000003a  00000006  RWIX
  EPWM7                 00006980   00000040  0000003a  00000006  RWIX
  ECAP1                 00006a00   00000020  00000020  00000000  RWIX
  EQEP1                 00006b00   00000040  00000040  00000000  RWIX
  LINA                  00006c00   00000080  0000004a  00000036  RWIX
  GPIOCTRL              00006f80   00000040  00000040  00000000  RWIX
  GPIODAT               00006fc0   00000020  00000020  00000000  RWIX
  GPIOINT               00006fe0   00000020  0000000c  00000014  RWIX
  SYSTEM                00007010   00000020  00000020  00000000  RWIX
  SPIA                  00007040   00000010  00000010  00000000  RWIX
  SCIA                  00007050   00000010  00000010  00000000  RWIX
  NMIINTRUPT            00007060   00000010  00000010  00000000  RWIX
  XINTRUPT              00007070   00000010  00000010  00000000  RWIX
  ADC                   00007100   00000080  00000050  00000030  RWIX
  SPIB                  00007740   00000010  00000010  00000000  RWIX
  I2CA                  00007900   00000040  00000022  0000001e  RWIX
  RAML0                 00008000   00000800  00000724  000000dc  RWIX
  RAML2                 00008c00   00000400  00000000  00000400  RWIX
  PARTID                003d7e80   00000001  00000001  00000000  RWIX
  FLASHB                003f4000   00002000  00000000  00002000  RWIX
  CSM_PWL               003f7ff8   00000008  00000008  00000000  RWIX


SECTION ALLOCATION MAP

 output                                  attributes/
section   page    origin      length       input sections
--------  ----  ----------  ----------   ----------------
ramconsts 
*          0    003ea000    00000200     RUN ADDR = 00008800
                  003ea000    00000200     Solar Microinverter_isr.obj (ramconsts)

.text      0    003ec000    00001f92     
                  003ec000    00000db6     RS485_GPRS_Sync.obj (.text)
                  003ecdb6    000003d2     Solar Microinverter_main.obj (.text)
                  003ed188    00000308     Solar Microinverter_Statemachine.obj (.text)
                  003ed490    000001ab     DSP2803x_Adc.obj (.text)
                  003ed63b    00000172     DSP2803x_DefaultIsr.obj (.text:retain)
                  003ed7ad    0000013d     DSP2803x_SysCtrl.obj (.text)
                  003ed8ea    000000e9     Solar Microinverter_isr.obj (.text)
                  003ed9d3    000000e7     RS485_GPRS_Sync.obj (.text:retain)
                  003edaba    000000ca     DSP2803x_EPwm.obj (.text)
                  003edb84    00000083     rts2800_ml.lib : fd_mpy28.obj (.text)
                  003edc07    00000078                    : fs_add28.obj (.text)
                  003edc7f    00000076     Solar Microinverter_main.obj (.text:retain)
                  003edcf5    0000005a     rts2800_ml.lib : fs_mpy28.obj (.text)
                  003edd4f    00000054                    : boot28.obj (.text)
                  003edda3    0000002a                    : l_div28.obj (.text)
                  003eddcd    00000029                    : exit.obj (.text)
                  003eddf6    00000029                    : fs_tol28.obj (.text)
                  003ede1f    00000028     DSP2803x_PieCtrl.obj (.text)
                  003ede47    00000024     rts2800_ml.lib : cpy_tbl.obj (.text)
                  003ede6b    0000001f                    : fd_tol28.obj (.text)
                  003ede8a    0000001e                    : ll_cmp28.obj (.text)
                  003edea8    0000001c                    : fs_tofd28.obj (.text)
                  003edec4    0000001b     DSP2803x_Sci.obj (.text)
                  003ededf    0000001b     rts2800_ml.lib : memcpy.obj (.text)
                  003edefa    00000019                    : args_main.obj (.text)
                  003edf13    00000019                    : prolog28.obj (.text)
                  003edf2c    00000018     DSP2803x_ECap.obj (.text)
                  003edf44    00000011     DSP2803x_PieVect.obj (.text)
                  003edf55    00000010     DSP2803x_MemCopy.obj (.text)
                  003edf65    00000010     rts2800_ml.lib : u_tofs28.obj (.text)
                  003edf75    0000000c                    : epilog28.obj (.text)
                  003edf81    00000008     DSP2803x_CodeStartBranch.obj (.text)
                  003edf89    00000005     rts2800_ml.lib : fs_neg28.obj (.text)
                  003edf8e    00000002                    : pre_init.obj (.text)
                  003edf90    00000001                    : _lock.obj (.text)
                  003edf91    00000001                    : startup.obj (.text)

ramfuncs   0    003f0000    00000c0a     RUN ADDR = 00009000
                  003f0000    00000717     Solar Microinverter_isr.obj (ramfuncs:retain)
                  003f0717    0000041d     Solar Microinverter_Statemachine.obj (ramfuncs)
                  003f0b34    000000a3     Solar Microinverter_isr.obj (ramfuncs)
                  003f0bd7    0000001d     DSP2803x_SysCtrl.obj (ramfuncs)
                  003f0bf4    00000012     Solar Microinverter_main.obj (ramfuncs)
                  003f0c06    00000004     DSP2803x_usDelay.obj (ramfuncs)

.econst    0    003f2000    000002bc     
                  003f2000    000001b7     RS485_GPRS_Sync.obj (.econst:.string)
                  003f21b7    00000001     --HOLE-- [fill = 0]
                  003f21b8    00000100     DSP2803x_PieVect.obj (.econst:_PieVectTableInit)
                  003f22b8    00000004     Solar Microinverter_Statemachine.obj (.econst)

.cinit     0    003f6000    000006fc     
                  003f6000    00000322     RS485_GPRS_Sync.obj (.cinit)
                  003f6322    0000021c     Solar Microinverter_isr.obj (.cinit)
                  003f653e    00000165     Solar Microinverter_Statemachine.obj (.cinit)
                  003f66a3    0000003f     Solar Microinverter_main.obj (.cinit)
                  003f66e2    0000000e     rts2800_ml.lib : exit.obj (.cinit)
                  003f66f0    00000005     <whole-program> (.cinit:__lock)
                  003f66f5    00000005     <whole-program> (.cinit:__unlock)
                  003f66fa    00000002     --HOLE-- [fill = 0]

IQmath     0    003f66fc    000000ac     
                  003f66fc    00000046     IQmath.lib : IQ15isqrt.obj (IQmath)
                  003f6742    00000042                : IQ15sqrt.obj (IQmath)
                  003f6784    00000016                : IQ15rsmpy.obj (IQmath)
                  003f679a    0000000e                : IQ15rmpy.obj (IQmath)

codestart 
*          0    003f7ff6    00000002     
                  003f7ff6    00000002     DSP2803x_CodeStartBranch.obj (codestart)

IQmathTables 
*          0    003fe000    00000b50     NOLOAD SECTION
                  003fe000    00000b50     IQmath.lib : IQmathTables.obj (IQmathTables)

.stack     1    00000050    00000300     UNINITIALIZED
                  00000050    00000300     --HOLE--

DevEmuRegsFile 
*          1    00000880    00000004     UNINITIALIZED
                  00000880    00000004     DSP2803x_GlobalVariableDefs.obj (DevEmuRegsFile)

SysPwrCtrlRegsFile 
*          1    00000985    00000003     UNINITIALIZED
                  00000985    00000003     DSP2803x_GlobalVariableDefs.obj (SysPwrCtrlRegsFile)

FlashRegsFile 
*          1    00000a80    00000008     UNINITIALIZED
                  00000a80    00000008     DSP2803x_GlobalVariableDefs.obj (FlashRegsFile)

CsmRegsFile 
*          1    00000ae0    00000010     UNINITIALIZED
                  00000ae0    00000010     DSP2803x_GlobalVariableDefs.obj (CsmRegsFile)

AdcResultFile 
*          1    00000b00    00000020     UNINITIALIZED
                  00000b00    00000020     DSP2803x_GlobalVariableDefs.obj (AdcResultFile)

CpuTimer0RegsFile 
*          1    00000c00    00000008     UNINITIALIZED
                  00000c00    00000008     DSP2803x_GlobalVariableDefs.obj (CpuTimer0RegsFile)

CpuTimer1RegsFile 
*          1    00000c08    00000008     UNINITIALIZED
                  00000c08    00000008     DSP2803x_GlobalVariableDefs.obj (CpuTimer1RegsFile)

CpuTimer2RegsFile 
*          1    00000c10    00000008     UNINITIALIZED
                  00000c10    00000008     DSP2803x_GlobalVariableDefs.obj (CpuTimer2RegsFile)

PieCtrlRegsFile 
*          1    00000ce0    0000001a     UNINITIALIZED
                  00000ce0    0000001a     DSP2803x_GlobalVariableDefs.obj (PieCtrlRegsFile)

PieVectTableFile 
*          1    00000d00    00000100     UNINITIALIZED
                  00000d00    00000100     DSP2803x_GlobalVariableDefs.obj (PieVectTableFile)

EmuKeyVar 
*          1    00000d00    00000001     UNINITIALIZED
                  00000d00    00000001     DSP2803x_GlobalVariableDefs.obj (EmuKeyVar)

EmuBModeVar 
*          1    00000d01    00000001     UNINITIALIZED
                  00000d01    00000001     DSP2803x_GlobalVariableDefs.obj (EmuBModeVar)

FlashCallbackVar 
*          1    00000d02    00000002     UNINITIALIZED
                  00000d02    00000002     DSP2803x_GlobalVariableDefs.obj (FlashCallbackVar)

FlashScalingVar 
*          1    00000d04    00000002     UNINITIALIZED
                  00000d04    00000002     DSP2803x_GlobalVariableDefs.obj (FlashScalingVar)

Cla1RegsFile 
*          1    00001400    00000040     UNINITIALIZED
                  00001400    00000040     DSP2803x_GlobalVariableDefs.obj (Cla1RegsFile)

ECanaRegsFile 
*          1    00006000    00000034     UNINITIALIZED
                  00006000    00000034     DSP2803x_GlobalVariableDefs.obj (ECanaRegsFile)

ECanaLAMRegsFile 
*          1    00006040    00000040     UNINITIALIZED
                  00006040    00000040     DSP2803x_GlobalVariableDefs.obj (ECanaLAMRegsFile)

ECanaMOTSRegsFile 
*          1    00006080    00000040     UNINITIALIZED
                  00006080    00000040     DSP2803x_GlobalVariableDefs.obj (ECanaMOTSRegsFile)

ECanaMOTORegsFile 
*          1    000060c0    00000040     UNINITIALIZED
                  000060c0    00000040     DSP2803x_GlobalVariableDefs.obj (ECanaMOTORegsFile)

ECanaMboxesFile 
*          1    00006100    00000100     UNINITIALIZED
                  00006100    00000100     DSP2803x_GlobalVariableDefs.obj (ECanaMboxesFile)

Comp1RegsFile 
*          1    00006400    00000011     UNINITIALIZED
                  00006400    00000011     DSP2803x_GlobalVariableDefs.obj (Comp1RegsFile)

Comp2RegsFile 
*          1    00006420    00000011     UNINITIALIZED
                  00006420    00000011     DSP2803x_GlobalVariableDefs.obj (Comp2RegsFile)

Comp3RegsFile 
*          1    00006440    00000011     UNINITIALIZED
                  00006440    00000011     DSP2803x_GlobalVariableDefs.obj (Comp3RegsFile)

EPwm1RegsFile 
*          1    00006800    0000003a     UNINITIALIZED
                  00006800    0000003a     DSP2803x_GlobalVariableDefs.obj (EPwm1RegsFile)

EPwm2RegsFile 
*          1    00006840    0000003a     UNINITIALIZED
                  00006840    0000003a     DSP2803x_GlobalVariableDefs.obj (EPwm2RegsFile)

EPwm3RegsFile 
*          1    00006880    0000003a     UNINITIALIZED
                  00006880    0000003a     DSP2803x_GlobalVariableDefs.obj (EPwm3RegsFile)

EPwm4RegsFile 
*          1    000068c0    0000003a     UNINITIALIZED
                  000068c0    0000003a     DSP2803x_GlobalVariableDefs.obj (EPwm4RegsFile)

EPwm5RegsFile 
*          1    00006900    0000003a     UNINITIALIZED
                  00006900    0000003a     DSP2803x_GlobalVariableDefs.obj (EPwm5RegsFile)

EPwm6RegsFile 
*          1    00006940    0000003a     UNINITIALIZED
                  00006940    0000003a     DSP2803x_GlobalVariableDefs.obj (EPwm6RegsFile)

EPwm7RegsFile 
*          1    00006980    0000003a     UNINITIALIZED
                  00006980    0000003a     DSP2803x_GlobalVariableDefs.obj (EPwm7RegsFile)

ECap1RegsFile 
*          1    00006a00    00000020     UNINITIALIZED
                  00006a00    00000020     DSP2803x_GlobalVariableDefs.obj (ECap1RegsFile)

EQep1RegsFile 
*          1    00006b00    00000040     UNINITIALIZED
                  00006b00    00000040     DSP2803x_GlobalVariableDefs.obj (EQep1RegsFile)

LinaRegsFile 
*          1    00006c00    0000004a     UNINITIALIZED
                  00006c00    0000004a     DSP2803x_GlobalVariableDefs.obj (LinaRegsFile)

GpioCtrlRegsFile 
*          1    00006f80    00000040     UNINITIALIZED
                  00006f80    00000040     DSP2803x_GlobalVariableDefs.obj (GpioCtrlRegsFile)

GpioDataRegsFile 
*          1    00006fc0    00000020     UNINITIALIZED
                  00006fc0    00000020     DSP2803x_GlobalVariableDefs.obj (GpioDataRegsFile)

GpioIntRegsFile 
*          1    00006fe0    0000000c     UNINITIALIZED
                  00006fe0    0000000c     DSP2803x_GlobalVariableDefs.obj (GpioIntRegsFile)

SysCtrlRegsFile 
*          1    00007010    00000020     UNINITIALIZED
                  00007010    00000020     DSP2803x_GlobalVariableDefs.obj (SysCtrlRegsFile)

SpiaRegsFile 
*          1    00007040    00000010     UNINITIALIZED
                  00007040    00000010     DSP2803x_GlobalVariableDefs.obj (SpiaRegsFile)

SciaRegsFile 
*          1    00007050    00000010     UNINITIALIZED
                  00007050    00000010     DSP2803x_GlobalVariableDefs.obj (SciaRegsFile)

NmiIntruptRegsFile 
*          1    00007060    00000010     UNINITIALIZED
                  00007060    00000010     DSP2803x_GlobalVariableDefs.obj (NmiIntruptRegsFile)

XIntruptRegsFile 
*          1    00007070    00000010     UNINITIALIZED
                  00007070    00000010     DSP2803x_GlobalVariableDefs.obj (XIntruptRegsFile)

AdcRegsFile 
*          1    00007100    00000050     UNINITIALIZED
                  00007100    00000050     DSP2803x_GlobalVariableDefs.obj (AdcRegsFile)

SpibRegsFile 
*          1    00007740    00000010     UNINITIALIZED
                  00007740    00000010     DSP2803x_GlobalVariableDefs.obj (SpibRegsFile)

I2caRegsFile 
*          1    00007900    00000022     UNINITIALIZED
                  00007900    00000022     DSP2803x_GlobalVariableDefs.obj (I2caRegsFile)

.ebss      1    00008000    00000724     UNINITIALIZED
                  00008000    00000588     RS485_GPRS_Sync.obj (.ebss)
                  00008588    00000018     DSP2803x_CpuTimers.obj (.ebss)
                  000085a0    00000016     Solar Microinverter_main.obj (.ebss)
                  000085b6    00000006     rts2800_ml.lib : exit.obj (.ebss)
                  000085bc    00000002                    : _lock.obj (.ebss:__lock)
                  000085be    00000002                    : _lock.obj (.ebss:__unlock)
                  000085c0    000000d1     Solar Microinverter_isr.obj (.ebss)
                  00008691    0000002f     --HOLE--
                  000086c0    00000064     Solar Microinverter_Statemachine.obj (.ebss)

PartIdRegsFile 
*          1    003d7e80    00000001     UNINITIALIZED
                  003d7e80    00000001     DSP2803x_GlobalVariableDefs.obj (PartIdRegsFile)

CsmPwlFile 
*          1    003f7ff8    00000008     UNINITIALIZED
                  003f7ff8    00000008     DSP2803x_GlobalVariableDefs.obj (CsmPwlFile)

.pinit     0    003f6000    00000000     UNINITIALIZED

.reset     0    003fffc0    00000002     DSECT
                  003fffc0    00000002     rts2800_ml.lib : boot28.obj (.reset)

vectors    0    003fffc2    00000000     DSECT

MODULE SUMMARY

       Module                                   code    initialized data   uninitialized data
       ------                                   ----    ----------------   ------------------
    .\source\
       RS485_GPRS_Sync.obj                      3741    1241               1416              
       Solar Microinverter_isr.obj              4189    1564               209               
       Solar Microinverter_Statemachine.obj     2882    361                100               
       DSP2803x_GlobalVariableDefs.obj          0       0                  1909              
       Solar Microinverter_main.obj             1132    63                 22                
       DSP2803x_Adc.obj                         427     0                  0                 
       DSP2803x_SysCtrl.obj                     375     0                  0                 
       DSP2803x_DefaultIsr.obj                  370     0                  0                 
       DSP2803x_PieVect.obj                     17      256                0                 
       DSP2803x_EPwm.obj                        202     0                  0                 
       DSP2803x_PieCtrl.obj                     40      0                  0                 
       DSP2803x_Sci.obj                         27      0                  0                 
       DSP2803x_CpuTimers.obj                   0       0                  24                
       DSP2803x_ECap.obj                        24      0                  0                 
       DSP2803x_MemCopy.obj                     16      0                  0                 
       DSP2803x_CodeStartBranch.obj             10      0                  0                 
       DSP2803x_usDelay.obj                     8       0                  0                 
    +--+----------------------------------------+-------+------------------+--------------------+
       Total:                                   13460   3485               3680              
                                                                                             
    C:\Users\Admin\AppData\Local\Temp\
       {E560389D-8681-4591-BCD5-EF5B5D96D92F}   0       10                 0                 
    +--+----------------------------------------+-------+------------------+--------------------+
       Total:                                   0       10                 0                 
                                                                                             
    ../source/IQmath.lib
       IQmathTables.obj                         0       2896               0                 
       IQ15isqrt.obj                            0       70                 0                 
       IQ15sqrt.obj                             0       66                 0                 
       IQ15rsmpy.obj                            0       22                 0                 
       IQ15rmpy.obj                             0       14                 0                 
    +--+----------------------------------------+-------+------------------+--------------------+
       Total:                                   0       3068               0                 
                                                                                             
    C:\ti\ccsv7\tools\compiler\ti-cgt-c2000_16.9.6.LTS\lib\rts2800_ml.lib
       fd_mpy28.obj                             131     0                  0                 
       fs_add28.obj                             120     0                  0                 
       fs_mpy28.obj                             90      0                  0                 
       boot28.obj                               84      0                  0                 
       exit.obj                                 41      14                 6                 
       l_div28.obj                              42      0                  0                 
       fs_tol28.obj                             41      0                  0                 
       cpy_tbl.obj                              36      0                  0                 
       fd_tol28.obj                             31      0                  0                 
       ll_cmp28.obj                             30      0                  0                 
       fs_tofd28.obj                            28      0                  0                 
       memcpy.obj                               27      0                  0                 
       args_main.obj                            25      0                  0                 
       prolog28.obj                             25      0                  0                 
       u_tofs28.obj                             16      0                  0                 
       epilog28.obj                             12      0                  0                 
       _lock.obj                                1       0                  4                 
       fs_neg28.obj                             5       0                  0                 
       pre_init.obj                             2       0                  0                 
       startup.obj                              1       0                  0                 
    +--+----------------------------------------+-------+------------------+--------------------+
       Total:                                   788     14                 10                
                                                                                             
       Stack:                                   0       0                  768               
    +--+----------------------------------------+-------+------------------+--------------------+
       Grand Total:                             14248   6577               4458              


GLOBAL DATA SYMBOLS: SORTED BY DATA PAGE

address     data page           name
--------    ----------------    ----
00000050       1 (00000040)     __stack

00000880      22 (00000880)     _DevEmuRegs

00000985      26 (00000980)     _SysPwrCtrlRegs

00000a80      2a (00000a80)     _FlashRegs

00000ae0      2b (00000ac0)     _CsmRegs

00000b00      2c (00000b00)     _AdcResult

00000c00      30 (00000c00)     _CpuTimer0Regs
00000c08      30 (00000c00)     _CpuTimer1Regs
00000c10      30 (00000c00)     _CpuTimer2Regs

00000ce0      33 (00000cc0)     _PieCtrlRegs

00000d00      34 (00000d00)     _EmuKey
00000d00      34 (00000d00)     _PieVectTable
00000d01      34 (00000d00)     _EmuBMode
00000d02      34 (00000d00)     _Flash_CallbackPtr
00000d04      34 (00000d00)     _Flash_CPUScaleFactor

00001400      50 (00001400)     _Cla1Regs

00006000     180 (00006000)     _ECanaRegs

00006040     181 (00006040)     _ECanaLAMRegs

00006080     182 (00006080)     _ECanaMOTSRegs

000060c0     183 (000060c0)     _ECanaMOTORegs

00006100     184 (00006100)     _ECanaMboxes

00006400     190 (00006400)     _Comp1Regs
00006420     190 (00006400)     _Comp2Regs

00006440     191 (00006440)     _Comp3Regs

00006800     1a0 (00006800)     _EPwm1Regs

00006840     1a1 (00006840)     _EPwm2Regs

00006880     1a2 (00006880)     _EPwm3Regs

000068c0     1a3 (000068c0)     _EPwm4Regs

00006900     1a4 (00006900)     _EPwm5Regs

00006940     1a5 (00006940)     _EPwm6Regs

00006980     1a6 (00006980)     _EPwm7Regs

00006a00     1a8 (00006a00)     _ECap1Regs

00006b00     1ac (00006b00)     _EQep1Regs

00006c00     1b0 (00006c00)     _LinaRegs

00006f80     1be (00006f80)     _GpioCtrlRegs

00006fc0     1bf (00006fc0)     _GpioDataRegs
00006fe0     1bf (00006fc0)     _GpioIntRegs

00007010     1c0 (00007000)     _SysCtrlRegs

00007040     1c1 (00007040)     _SpiaRegs
00007050     1c1 (00007040)     _SciaRegs
00007060     1c1 (00007040)     _NmiIntruptRegs
00007070     1c1 (00007040)     _XIntruptRegs

00007100     1c4 (00007100)     _AdcRegs

00007740     1dd (00007740)     _SpibRegs

00007900     1e4 (00007900)     _I2caRegs

00008000     200 (00008000)     _RS485_TXEnable_Count
00008001     200 (00008000)     _RS485_Start
00008002     200 (00008000)     _Check_Frame_Size
00008003     200 (00008000)     _Rx_timeout
00008004     200 (00008000)     _Tx_timeout_enable
00008005     200 (00008000)     _Frame_Size
00008006     200 (00008000)     _Tx_timeout
00008007     200 (00008000)     _frame_Received_count
00008008     200 (00008000)     _Cr_attempt
00008009     200 (00008000)     _rx_data_correct
0000800a     200 (00008000)     _Tx_Sent
0000800b     200 (00008000)     _Frame_Received
0000800c     200 (00008000)     _RS485_TX_Enable
0000800d     200 (00008000)     _Rx_Received
0000800e     200 (00008000)     _Slave_SystemState
0000800f     200 (00008000)     _Broadcast1
00008010     200 (00008000)     _Break_Rcvd_Data2_2
00008011     200 (00008000)     _Broadcast3
00008012     200 (00008000)     _Copy_Data_Flag
00008013     200 (00008000)     _Slave_Current
00008014     200 (00008000)     _Broadcast2
00008015     200 (00008000)     _all_sent
00008016     200 (00008000)     _all_received
00008017     200 (00008000)     _Rx_timeout_enable
00008018     200 (00008000)     _Break_Rcvd_Data1_2
00008019     200 (00008000)     _Break_Rcvd_Data2_1
0000801a     200 (00008000)     _Rx_time_count
0000801b     200 (00008000)     _Break_Rcvd_Data1_1
0000801c     200 (00008000)     _Read_count
0000801d     200 (00008000)     _Rx_Index
0000801e     200 (00008000)     _RS_485_Data_delay
0000801f     200 (00008000)     _Rx_LSB
00008020     200 (00008000)     _m
00008021     200 (00008000)     _ID
00008022     200 (00008000)     _Rx_MSB
00008023     200 (00008000)     _copy_Total_Current
00008024     200 (00008000)     _isr_count
00008025     200 (00008000)     _rx_receiving
00008026     200 (00008000)     _controol_enable
00008027     200 (00008000)     _kicker
00008028     200 (00008000)     _Tx_sent_Success
00008029     200 (00008000)     _CR_Init
0000802a     200 (00008000)     _PLC_Ready
0000802b     200 (00008000)     _ack_rcvd_counter
0000802c     200 (00008000)     _startflag
0000802d     200 (00008000)     _Tx_Index
0000802e     200 (00008000)     _tx_data0
0000802f     200 (00008000)     _slaves_EqualFlag
00008030     200 (00008000)     _tx_data2
00008031     200 (00008000)     _tx_data3
00008032     200 (00008000)     _temp_rx_crc_val
00008033     200 (00008000)     _tx_data1
00008034     200 (00008000)     _crc
00008035     200 (00008000)     _Pi1
00008036     200 (00008000)     _SlaveStartDelay
00008037     200 (00008000)     _uidByte12
00008038     200 (00008000)     _uidByte34
00008039     200 (00008000)     _SlaveStartFlag
0000803a     200 (00008000)     _n
0000803b     200 (00008000)     _TotalPLC
0000803c     200 (00008000)     _TotalPLC_Slaves
0000803d     200 (00008000)     _slaveRunStatus2
0000803e     200 (00008000)     _numberOfSlaves
0000803f     200 (00008000)     _slavestartcounter

00008040     201 (00008040)     _slaveRunStatus3
00008041     201 (00008040)     _numberOfErrorSlaves
00008042     201 (00008040)     _S3uidByte34
00008043     201 (00008040)     _S4uidByte12
00008044     201 (00008040)     _S2uidByte34
00008045     201 (00008040)     _S5uidByte12
00008046     201 (00008040)     _S5uidByte34
00008047     201 (00008040)     _S3uidByte12
00008048     201 (00008040)     _S4uidByte34
00008049     201 (00008040)     _uid3Byte
0000804a     201 (00008040)     _uid4Byte
0000804b     201 (00008040)     _uid1Byte
0000804c     201 (00008040)     _S1uidByte34
0000804d     201 (00008040)     _S2uidByte12
0000804e     201 (00008040)     _uid2Byte
0000804f     201 (00008040)     _S1uidByte12
00008050     201 (00008040)     _CRC_calc_start
00008051     201 (00008040)     _CRC_pos
00008052     201 (00008040)     _RX_CRC_Val
00008053     201 (00008040)     _RX_CRC_calc_start
00008054     201 (00008040)     _RX_CRC_pos
00008055     201 (00008040)     _CRC_calc_over
00008056     201 (00008040)     _RX_CRC_calc_over
00008057     201 (00008040)     _pos
00008058     201 (00008040)     _Cr_write_failure
00008059     201 (00008040)     _CR_dataread_temp2
0000805a     201 (00008040)     _CRC_Val
0000805b     201 (00008040)     _rx_crc_val
0000805c     201 (00008040)     _End_of_data
0000805d     201 (00008040)     _data_reception_successful
0000805e     201 (00008040)     _Rx_ID
0000805f     201 (00008040)     _Tx_ID
00008060     201 (00008040)     _power_star_valga
00008061     201 (00008040)     _slaveRunStatus
00008062     201 (00008040)     _slaveRunStatus1
00008063     201 (00008040)     _quick_start_tx
00008064     201 (00008040)     _faultState_Rs485
00008065     201 (00008040)     _loadManagerBreakup3
00008066     201 (00008040)     _Master_PC
00008067     201 (00008040)     _loadManagerBreakup1
00008068     201 (00008040)     _crc_calc_fail
00008069     201 (00008040)     _dummy_data
0000806a     201 (00008040)     _loadManagerBreakup2
0000806b     201 (00008040)     _TxSlaveAddress
0000806c     201 (00008040)     _Rx_ErrorCount
0000806d     201 (00008040)     _RxSlaveAddress
0000806e     201 (00008040)     _rs_485_count
0000806f     201 (00008040)     _GSM_EnableFlag
00008070     201 (00008040)     _Tx_FRUP
00008071     201 (00008040)     _Rx_Frame_len
00008072     201 (00008040)     _Rx_FRUP
00008073     201 (00008040)     _Rx_SyncStart
00008074     201 (00008040)     _Rx_flag
00008075     201 (00008040)     _Buffer3
00008076     201 (00008040)     _Buffer2
00008077     201 (00008040)     _Buffer4
00008078     201 (00008040)     _Buffer6
00008079     201 (00008040)     _Buffer5
0000807a     201 (00008040)     _TX_FIFO_Count
0000807b     201 (00008040)     _GSM_SendUpdateFlag
0000807c     201 (00008040)     _GSM_LOOP_COUNT
0000807d     201 (00008040)     _Buffer1
0000807e     201 (00008040)     _Buffer0
0000807f     201 (00008040)     _p1

00008080     202 (00008080)     _p2
00008081     202 (00008080)     _i2
00008082     202 (00008080)     _GSM_SyncFlag
00008083     202 (00008080)     _msgcount
00008084     202 (00008080)     _GSM_CompleteFlag
00008085     202 (00008080)     _Tx_Frame_len
00008086     202 (00008080)     _GSM_StartFlag
00008087     202 (00008080)     _Read_Index
00008088     202 (00008080)     _GSM_BreakFlag
00008089     202 (00008080)     _GSM_Tx_pos
0000808a     202 (00008080)     _Tx_buffer_index1
0000808b     202 (00008080)     _Tx_buffer_index
0000808c     202 (00008080)     _Buffer7
0000808d     202 (00008080)     _gsm_soft_reset_count
0000808e     202 (00008080)     _RX_DataRcvd_Flag
0000808f     202 (00008080)     _GSM_DelayCount
00008090     202 (00008080)     _Tx_DataSend_Flag
00008091     202 (00008080)     _GSM_Restart_Count_Max
00008092     202 (00008080)     _DataDelayCount
00008093     202 (00008080)     _gsm_count
00008094     202 (00008080)     _GSM_Restart_Count
00008095     202 (00008080)     _GSM_TX_SendFlag
00008096     202 (00008080)     _pos1
00008097     202 (00008080)     _tx_pack_flag1
00008098     202 (00008080)     _Rx_Ready
00008099     202 (00008080)     _tx_pack_flag
0000809a     202 (00008080)     _AddBuf
0000809b     202 (00008080)     _GSM_EventCount
0000809c     202 (00008080)     _tx_data_test_prev
0000809d     202 (00008080)     _TX_SendFlag
0000809e     202 (00008080)     _rx_pos
000080a0     202 (00008080)     _msg2
000080a2     202 (00008080)     _msg1
000080a4     202 (00008080)     _msg
000080a6     202 (00008080)     _uidByteConv1
000080a8     202 (00008080)     _uidByteConv
000080aa     202 (00008080)     _msg6
000080ac     202 (00008080)     _msg6_1
000080ae     202 (00008080)     _msg6_2
000080b0     202 (00008080)     _msg4
000080b2     202 (00008080)     _msg5
000080b4     202 (00008080)     _S4uidByteConv
000080b6     202 (00008080)     _S3uidByteConv
000080b8     202 (00008080)     _S5uidByteConv
000080ba     202 (00008080)     _incIndex
000080bc     202 (00008080)     _msg3
000080be     202 (00008080)     _lresult

000080c0     203 (000080c0)     _S1uidByteConv
000080c2     203 (000080c0)     _MuidByteConv
000080c4     203 (000080c0)     _GSM_Repeat_Count
000080c6     203 (000080c0)     _Total_Current
000080c8     203 (000080c0)     _GSM_Repeat_Count_max
000080ca     203 (000080c0)     _msg7_1
000080cc     203 (000080c0)     _Buffer8
000080ce     203 (000080c0)     _msg7_3
000080d0     203 (000080c0)     _msg7_4
000080d2     203 (000080c0)     _msg7_5
000080d4     203 (000080c0)     _msg7_2
000080d6     203 (000080c0)     _msg9
000080d8     203 (000080c0)     _msg10
000080da     203 (000080c0)     _msg7
000080dc     203 (000080c0)     _msg8
000080de     203 (000080c0)     _S2uidByteConv
000080e0     203 (000080c0)     _msg7_0
000080e2     203 (000080c0)     _msg_reset
000080e4     203 (000080c0)     _msg12
000080e6     203 (000080c0)     _msg7_6
000080e8     203 (000080c0)     _msg11
000080ea     203 (000080c0)     _UID_TxGSM_2
000080ee     203 (000080c0)     _UID_TxGSM_3
000080f2     203 (000080c0)     _UID_TxGSM_5
000080f6     203 (000080c0)     _UID_TxGSM
000080fa     203 (000080c0)     _UID_TxGSM_4

00008100     204 (00008100)     _Slave_Run_Status
00008106     204 (00008100)     _tmp
0000810e     204 (00008100)     _Rcvd_Data_Total

00008140     205 (00008140)     _tmp1
0000814b     205 (00008140)     _Rcvd_Rx_Data_1
0000815f     205 (00008140)     _Send_Tx_Data

00008180     206 (00008180)     _Rcvd_Rx_Data
00008194     206 (00008180)     _Rcvd_Rx_Data_4
000081a8     206 (00008180)     _Rcvd_Rx_Data_5

000081c0     207 (000081c0)     _Rcvd_Rx_Data_2
000081d4     207 (000081c0)     _Rcvd_Rx_Data_3

00008200     208 (00008200)     _Rx_Frame

00008280     20a (00008280)     _Rx_Buffer

00008300     20c (00008300)     _Tx_frame

000083c0     20f (000083c0)     _Tx_buffer

000084c0     213 (000084c0)     _Update_Buffer

00008588     216 (00008580)     _CpuTimer1
00008590     216 (00008580)     _CpuTimer0
00008598     216 (00008580)     _CpuTimer2
000085a0     216 (00008580)     _max_count
000085a1     216 (00008580)     _count
000085a2     216 (00008580)     _current_counter
000085a3     216 (00008580)     _i
000085a4     216 (00008580)     _counter_100us
000085a5     216 (00008580)     _statemachineflag
000085a6     216 (00008580)     _flag_10ms
000085a8     216 (00008580)     _frequancy_mains
000085aa     216 (00008580)     _Zc1
000085ac     216 (00008580)     _ECAP1
000085ae     216 (00008580)     _ECAP3
000085b0     216 (00008580)     _ECAP4
000085b2     216 (00008580)     _ECAP2
000085b4     216 (00008580)     _ECAP_AVG
000085b6     216 (00008580)     ___TI_enable_exit_profile_output
000085b8     216 (00008580)     ___TI_cleanup_ptr
000085ba     216 (00008580)     ___TI_dtors_ptr
000085bc     216 (00008580)     __lock
000085be     216 (00008580)     __unlock

000085c0     217 (000085c0)     _Ra
000085c1     217 (000085c0)     _Rsa
000085c2     217 (000085c0)     _inverterPeriodCounter_off
000085c3     217 (000085c0)     _offgridVoltage
000085c4     217 (000085c0)     _setRef_acVoltage
000085c5     217 (000085c0)     _softstart_counter
000085c6     217 (000085c0)     _sfst_acVoltage
000085c7     217 (000085c0)     _currentError
000085c8     217 (000085c0)     _IoRef
000085c9     217 (000085c0)     _VoRef
000085ca     217 (000085c0)     _Poutput
000085cb     217 (000085c0)     _flybackDutyCycle
000085cc     217 (000085c0)     _decoupleTerm
000085cd     217 (000085c0)     _rectifiedVac
000085ce     217 (000085c0)     _tripcount
000085cf     217 (000085c0)     _maxGridVoltage
000085d0     217 (000085c0)     _filteredMaxGridVoltage
000085d1     217 (000085c0)     _dtime_counter
000085d2     217 (000085c0)     _prevGridVoltage
000085d3     217 (000085c0)     _gridVoltage
000085d4     217 (000085c0)     _filteredPeakGridVoltage
000085d5     217 (000085c0)     _rectifiedGridVoltage
000085d6     217 (000085c0)     _peakGridVoltage
000085d7     217 (000085c0)     _grid_present_count
000085d8     217 (000085c0)     _grid_failure
000085d9     217 (000085c0)     _peakgridvoltagereadycounter
000085da     217 (000085c0)     _grid_present
000085db     217 (000085c0)     _frequencyFaultCounter
000085dc     217 (000085c0)     _temop
000085dd     217 (000085c0)     _OffgridStartedflag
000085de     217 (000085c0)     _Zcd1Flag
000085df     217 (000085c0)     _peakgridvoltagereadyflag
000085e0     217 (000085c0)     _StatemachineCheckFlag
000085e1     217 (000085c0)     _ZCStartupCounter
000085e2     217 (000085c0)     _StatemachineFaultCounter
000085e3     217 (000085c0)     _GraphPlotFlag
000085e4     217 (000085c0)     _grid_present_flag
000085e5     217 (000085c0)     _OffGridStartupFlag
000085e6     217 (000085c0)     _OffGridzeroCrossCount
000085e7     217 (000085c0)     _flybackoncounter
000085e8     217 (000085c0)     _flybackshutdownflag
000085e9     217 (000085c0)     _shortcktcount
000085ea     217 (000085c0)     _deltaV1
000085eb     217 (000085c0)     _previnputvoltage
000085ec     217 (000085c0)     _flybacktron
000085ed     217 (000085c0)     _startupZeroCrossCounter1
000085ee     217 (000085c0)     _voltageArrayCnt
000085ef     217 (000085c0)     _peakGridVoltageSum
000085f0     217 (000085c0)     _twoAvgPeakGridVoltageflag
000085f1     217 (000085c0)     _voltageArrayCnt1
000085f2     217 (000085c0)     _Trip_inverterPeriod
000085f3     217 (000085c0)     _Trip_zeroCrossDetectFlag
000085f4     217 (000085c0)     _avgPeakGridVotlage1
000085f5     217 (000085c0)     _avgPeakGridVotlage
000085f6     217 (000085c0)     _mpptFactorMaximum
000085f7     217 (000085c0)     _flybackCurrent2
000085f8     217 (000085c0)     _flybackCurrent1
000085f9     217 (000085c0)     _inverterOutputCurrent
000085fa     217 (000085c0)     _d
000085fb     217 (000085c0)     _temp1
000085fc     217 (000085c0)     _inverterOutputVoltage
000085fd     217 (000085c0)     _averageFlybackCurrent1
000085fe     217 (000085c0)     _currentArrayCnt
000085ff     217 (000085c0)     _averageRectifiedCurrent

00008600     218 (00008600)     _driveSupplyVoltage
00008601     218 (00008600)     _pvPanelVoltage
00008602     218 (00008600)     _averageFlybackCurrent2
00008603     218 (00008600)     _measuredTemperature
00008604     218 (00008600)     _flyBackDuty2
00008605     218 (00008600)     _flyBackDuty1
00008606     218 (00008600)     _peakInverterOutputVoltage
00008607     218 (00008600)     _rectifiedInverterOutputVoltage
00008608     218 (00008600)     _maxInverterOutputVoltage
00008609     218 (00008600)     _rectifiedInverterOutputCurrent
0000860a     218 (00008600)     _sineAngle
0000860b     218 (00008600)     _globalAngle
0000860c     218 (00008600)     _currentReferenceDynamic
0000860d     218 (00008600)     _fullBridgeState
0000860e     218 (00008600)     _criticalFaultFlag
0000860f     218 (00008600)     _deltaAngle
00008610     218 (00008600)     _ninetyDegreeDetectFlag
00008611     218 (00008600)     _firstQuadrantFlag
00008612     218 (00008600)     _zeroCrossCount
00008613     218 (00008600)     _avgInputDataReadyFlag
00008614     218 (00008600)     _burstModeActiveCounter
00008615     218 (00008600)     _burstModeActiveFlag
00008616     218 (00008600)     _thirdQuadrantFlag
00008617     218 (00008600)     _zeroCrossDetectFlag
00008618     218 (00008600)     _inverterPeriodCounter
00008619     218 (00008600)     _inverterPeriod
0000861a     218 (00008600)     _numberofSamples
0000861b     218 (00008600)     _startupZeroCrossCounter
0000861c     218 (00008600)     _zcCounter
0000861d     218 (00008600)     _prevInverterPeriod
0000861e     218 (00008600)     _prevFullBridgeState
0000861f     218 (00008600)     _peakOutputPowerArrayCnt
00008620     218 (00008600)     _averagePeakOutputPower
00008621     218 (00008600)     _averageRectifiedCurrentoff
00008622     218 (00008600)     _peakOutputPower
00008623     218 (00008600)     _peakInverterOutputCurrent
00008624     218 (00008600)     _maxInverterOutputCurrent
00008626     218 (00008600)     _my_Vrms_q15
00008628     218 (00008600)     _my_rms_count
0000862a     218 (00008600)     _my_Irms_q15
0000862c     218 (00008600)     _my_Irms_q15_result
0000862e     218 (00008600)     _my_Prms_q15
00008630     218 (00008600)     _inputVoltageSum
00008632     218 (00008600)     _my_Vrms_acc
00008634     218 (00008600)     _my_Vrms_q15_Sum
00008636     218 (00008600)     _my_Vrms_q15_AVG
00008638     218 (00008600)     _my_Irms_acc
0000863a     218 (00008600)     _my_Prms_acc
0000863c     218 (00008600)     _inputCurrentSum
0000863e     218 (00008600)     _rectifiedInverterOutputCurrentSum

00008640     219 (00008640)     _Ioutput
00008642     219 (00008640)     _temp_decouple
00008644     219 (00008640)     _totalOutput
00008646     219 (00008640)     _peakOutputPowerSum
00008648     219 (00008640)     _flybackCurrent1Sum
0000864a     219 (00008640)     _peakGridVoltageSum1
0000864c     219 (00008640)     _temp_Ioutput
0000864e     219 (00008640)     _flybackCurrent2Sum
00008650     219 (00008640)     _peakGridVoltageArray
00008655     219 (00008640)     _flybackCurrent2Array
0000865d     219 (00008640)     _peakOutputPowerArray
00008665     219 (00008640)     _rectifiedInverterOutputCurrentArray
0000866d     219 (00008640)     _flybackCurrent1Array

00008680     21a (00008680)     _peakGridVoltageArray1

000086c0     21b (000086c0)     _criticalFaultCounter
000086c1     21b (000086c0)     _AC_grid_voltage
000086c2     21b (000086c0)     _Peak_Pos_grid_voltage
000086c3     21b (000086c0)     _Max_Pos_grid_voltage
000086c4     21b (000086c0)     _acoffsetcounter
000086c5     21b (000086c0)     _acoffset_cal2
000086c6     21b (000086c0)     _AC_inv_offset
000086c7     21b (000086c0)     _faltu_counter
000086c8     21b (000086c0)     _ac_counter
000086c9     21b (000086c0)     _dummycounter1
000086ca     21b (000086c0)     _dummycounter
000086cb     21b (000086c0)     _Max_Neg_grid_voltage
000086cc     21b (000086c0)     _AC_grid_offset
000086cd     21b (000086c0)     _PeakError
000086ce     21b (000086c0)     _Peak_Neg_grid_voltage
000086cf     21b (000086c0)     _PV_INPUT_COUNT_OFF
000086d0     21b (000086c0)     _overcurrentcount
000086d1     21b (000086c0)     _maxInverterOutputCurrentflag
000086d2     21b (000086c0)     _PV_Voltage_Tripflag
000086d3     21b (000086c0)     _PV_Voltage_Tripcount
000086d4     21b (000086c0)     _MPPTFACTOR_BENCHTESTING
000086d5     21b (000086c0)     _mpptScaleFactor
000086d6     21b (000086c0)     _AMC_cal
000086d7     21b (000086c0)     _acoffset_cal
000086d8     21b (000086c0)     _pv_Input_voltage_average
000086d9     21b (000086c0)     _prevInputPower
000086da     21b (000086c0)     _frequencyFaultclearCounter
000086db     21b (000086c0)     _GridFOutofRangeFlag
000086de     21b (000086c0)     _offGridFlag
000086df     21b (000086c0)     _GridVOutofRangeFlag
000086e0     21b (000086c0)     _PWMSetFlag
000086e1     21b (000086c0)     _relaycounter2
000086e2     21b (000086c0)     _relaycounter1
000086e3     21b (000086c0)     _start_current_fault_check
000086e4     21b (000086c0)     _dummycounter2
000086e5     21b (000086c0)     _deltaV
000086e6     21b (000086c0)     _dummycounter4
000086e7     21b (000086c0)     _PVTripClearCounter
000086e8     21b (000086c0)     _dummycounter3
000086e9     21b (000086c0)     _VariablePIFlag
000086ea     21b (000086c0)     _acCurrentOffsetCounter
000086eb     21b (000086c0)     _acCurrentOffsetFlag
000086ec     21b (000086c0)     _faultindicationcounter
000086ed     21b (000086c0)     _zeroCrossDelayMin
000086ee     21b (000086c0)     _zeroCrossDelayNom
000086ef     21b (000086c0)     _acCurrentOffset
000086f0     21b (000086c0)     _mpptStartUpFlag
000086f1     21b (000086c0)     _mpptCounter
000086f2     21b (000086c0)     _inputCurrentAverage
000086f3     21b (000086c0)     _inverterPeriodMin
000086f4     21b (000086c0)     _zeroCrossDelayMax
000086f5     21b (000086c0)     _inputVoltageAverage
000086f6     21b (000086c0)     _inverterPeriodMax
000086f7     21b (000086c0)     _overTemperatureFlag
000086f8     21b (000086c0)     _pvPanelUnderVoltageFlag
000086f9     21b (000086c0)     _tempFaultCnt
000086fa     21b (000086c0)     _criticalFaultRestartFlag
000086fb     21b (000086c0)     _storeFaultState
000086fc     21b (000086c0)     _pvUnderVoltageCounter
000086fd     21b (000086c0)     _faultIndicationResetCounter
000086fe     21b (000086c0)     _inverterOutputOverCurrent
000086ff     21b (000086c0)     _startFullBridgeFlag

00008700     21c (00008700)     _driveSupplyFaultCnt
00008701     21c (00008700)     _pvPanelOverVoltageFlag
00008702     21c (00008700)     _zeroCrossDelay
00008703     21c (00008700)     _mpptFaultCounter
00008704     21c (00008700)     _inverterOverCurrentCounter
00008705     21c (00008700)     _gridFlag
00008706     21c (00008700)     _systemState
00008707     21c (00008700)     _switchState
00008708     21c (00008700)     _prevInputVoltageAverage
00008709     21c (00008700)     _mpptFactor
0000870a     21c (00008700)     _inputPower
0000870b     21c (00008700)     _openCircuitVoltage
0000870c     21c (00008700)     _faultState
0000870e     21c (00008700)     _Rsa_float
00008710     21c (00008700)     _Ra_float
00008712     21c (00008700)     _Restart_count
00008714     21c (00008700)     _AC_grid_voltage_average
00008716     21c (00008700)     _AMCbiascounter
00008718     21c (00008700)     _AC_Voltage_Average
0000871a     21c (00008700)     _pv_Input_voltage_sum
0000871c     21c (00008700)     _acCurrentOffsetAverage
00008720     21c (00008700)     _systemRestartCounter

00008800     220 (00008800)     _sineTable512

003d7e80    f5fa (003d7e80)     _PartIdRegs

003f21b8    fc86 (003f2180)     _PieVectTableInit

003f66fc    fd9b (003f66c0)     __IQ15isqrt

003f6742    fd9d (003f6740)     __IQ15sqrt

003f6784    fd9e (003f6780)     __IQ15rsmpy
003f679a    fd9e (003f6780)     __IQ15rmpy

003f7ff8    fdff (003f7fc0)     _CsmPwl

003fe000    ff80 (003fe000)     _IQsinTable

003fe100    ff84 (003fe100)     _IQcosTable

003fe400    ff90 (003fe400)     _IQsinTableEnd

003fe502    ff94 (003fe500)     _IQcosTableEnd
003fe502    ff94 (003fe500)     _IQdivRoundSatTable
003fe510    ff94 (003fe500)     _IQdivTable

003fe712    ff9c (003fe700)     _IQdivTableEnd
003fe712    ff9c (003fe700)     _IQisqrtRoundSatTable
003fe712    ff9c (003fe700)     _IQsqrtRoundSatTable
003fe722    ff9c (003fe700)     _IQisqrtTable
003fe722    ff9c (003fe700)     _IQsqrtTable

003fe824    ffa0 (003fe800)     _IQatan2HalfPITable
003fe824    ffa0 (003fe800)     _IQisqrtTableEnd
003fe824    ffa0 (003fe800)     _IQsqrtTableEnd

003fe862    ffa1 (003fe840)     _IQatan2Table

003fe9e8    ffa7 (003fe9c0)     _IQ30mpyRndSatTable
003fe9e8    ffa7 (003fe9c0)     _IQatan2TableEnd
003fe9e8    ffa7 (003fe9c0)     _IQmpyRndSatTable
003fe9f4    ffa7 (003fe9c0)     _IQ29mpyRndSatTable

003fea00    ffa8 (003fea00)     _IQ28mpyRndSatTable
003fea0c    ffa8 (003fea00)     _IQ27mpyRndSatTable
003fea18    ffa8 (003fea00)     _IQ26mpyRndSatTable
003fea24    ffa8 (003fea00)     _IQ25mpyRndSatTable
003fea30    ffa8 (003fea00)     _IQ24mpyRndSatTable
003fea3c    ffa8 (003fea00)     _IQ23mpyRndSatTable

003fea48    ffa9 (003fea40)     _IQ22mpyRndSatTable
003fea54    ffa9 (003fea40)     _IQ21mpyRndSatTable
003fea60    ffa9 (003fea40)     _IQ20mpyRndSatTable
003fea6c    ffa9 (003fea40)     _IQ19mpyRndSatTable
003fea78    ffa9 (003fea40)     _IQ18mpyRndSatTable

003fea84    ffaa (003fea80)     _IQ17mpyRndSatTable
003fea90    ffaa (003fea80)     _IQ16mpyRndSatTable
003fea9c    ffaa (003fea80)     _IQ15mpyRndSatTable
003feaa8    ffaa (003fea80)     _IQ14mpyRndSatTable
003feab4    ffaa (003fea80)     _IQ13mpyRndSatTable

003feac0    ffab (003feac0)     _IQ12mpyRndSatTable
003feacc    ffab (003feac0)     _IQ11mpyRndSatTable
003fead8    ffab (003feac0)     _IQ10mpyRndSatTable
003feae4    ffab (003feac0)     _IQ9mpyRndSatTable
003feaf0    ffab (003feac0)     _IQ8mpyRndSatTable
003feafc    ffab (003feac0)     _IQ7mpyRndSatTable

003feb08    ffac (003feb00)     _IQ6mpyRndSatTable
003feb14    ffac (003feb00)     _IQ5mpyRndSatTable
003feb20    ffac (003feb00)     _IQ4mpyRndSatTable
003feb2c    ffac (003feb00)     _IQ3mpyRndSatTable
003feb38    ffac (003feb00)     _IQ2mpyRndSatTable

003feb44    ffad (003feb40)     _IQ1mpyRndSatTable
003feb50    ffad (003feb40)     _IQmpyRndSatTableEnd


GLOBAL SYMBOLS: SORTED ALPHABETICALLY BY Name 

page  address   name                                
----  -------   ----                                
0     003ec000  .text                               
0     003eddcd  C$$EXIT                             
0     003edb84  FD$$MPY                             
0     003ede6b  FD$$TOL                             
0     003edc0c  FS$$ADD                             
0     003edcf5  FS$$MPY                             
0     003edf89  FS$$NEG                             
0     003edc07  FS$$SUB                             
0     003edea8  FS$$TOFD                            
0     003eddf6  FS$$TOL                             
0     003edda3  L$$DIV                              
0     003eddb2  L$$MOD                              
0     003ede8a  LL$$CMP                             
0     003edf65  U$$TOFS                             
0     003eddc0  UL$$DIV                             
0     003eddc7  UL$$MOD                             
0     003ede9c  ULL$$CMP                            
1     00008718  _AC_Voltage_Average                 
1     000086cc  _AC_grid_offset                     
1     000086c1  _AC_grid_voltage                    
1     00008714  _AC_grid_voltage_average            
1     000086c6  _AC_inv_offset                      
0     003ed7a8  _ADCINT1_ISR                        
0     003ed7a3  _ADCINT2_ISR                        
0     003ed79e  _ADCINT3_ISR                        
0     003ed799  _ADCINT4_ISR                        
0     003ed794  _ADCINT5_ISR                        
0     003ed78f  _ADCINT6_ISR                        
0     003ed78a  _ADCINT7_ISR                        
0     003ed785  _ADCINT8_ISR                        
0     003ed780  _ADCINT9_ISR                        
1     000086d6  _AMC_cal                            
1     00008716  _AMCbiascounter                     
0     003ed4d5  _AdcChanSelect                      
0     003ed52d  _AdcConversion                      
0     003ed616  _AdcOffsetSelfCal                   
1     00007100  _AdcRegs                            
1     00000b00  _AdcResult                          
0     003ecf4a  _Adc_Config                         
1     0000809a  _AddBuf                             
1     0000801b  _Break_Rcvd_Data1_1                 
1     00008018  _Break_Rcvd_Data1_2                 
1     00008019  _Break_Rcvd_Data2_1                 
1     00008010  _Break_Rcvd_Data2_2                 
1     0000800f  _Broadcast1                         
1     00008014  _Broadcast2                         
1     00008011  _Broadcast3                         
1     0000807e  _Buffer0                            
1     0000807d  _Buffer1                            
1     00008076  _Buffer2                            
1     00008075  _Buffer3                            
1     00008077  _Buffer4                            
1     00008079  _Buffer5                            
1     00008078  _Buffer6                            
1     0000808c  _Buffer7                            
1     000080cc  _Buffer8                            
0     003ed77b  _CLA1_INT1_ISR                      
0     003ed776  _CLA1_INT2_ISR                      
0     003ed771  _CLA1_INT3_ISR                      
0     003ed76c  _CLA1_INT4_ISR                      
0     003ed767  _CLA1_INT5_ISR                      
0     003ed762  _CLA1_INT6_ISR                      
0     003ed75d  _CLA1_INT7_ISR                      
0     003ed758  _CLA1_INT8_ISR                      
1     0000805a  _CRC_Val                            
1     00008055  _CRC_calc_over                      
1     00008050  _CRC_calc_start                     
1     00008051  _CRC_pos                            
1     00008029  _CR_Init                            
1     00008059  _CR_dataread_temp2                  
1     00008002  _Check_Frame_Size                   
1     00001400  _Cla1Regs                           
1     00006400  _Comp1Regs                          
1     00006420  _Comp2Regs                          
1     00006440  _Comp3Regs                          
1     00008012  _Copy_Data_Flag                     
1     00008590  _CpuTimer0                          
1     00000c00  _CpuTimer0Regs                      
1     00008588  _CpuTimer1                          
1     00000c08  _CpuTimer1Regs                      
1     00008598  _CpuTimer2                          
1     00000c10  _CpuTimer2Regs                      
1     00008008  _Cr_attempt                         
1     00008058  _Cr_write_failure                   
1     003f7ff8  _CsmPwl                             
1     00000ae0  _CsmRegs                            
0     003ed8bc  _CsmUnlock                          
0     003ed753  _DATALOG_ISR                        
0     00009c06  _DSP28x_usDelay                     
1     00008092  _DataDelayCount                     
1     00000880  _DevEmuRegs                         
0     003ed7ef  _DisableDog                         
0     003ed3c1  _Drivesupply                        
0     003ed74e  _ECAN0INTA_ISR                      
0     003ed749  _ECAN1INTA_ISR                      
1     000085ac  _ECAP1                              
0     003ed744  _ECAP1_INT_ISR                      
1     000085b2  _ECAP2                              
1     000085ae  _ECAP3                              
1     000085b0  _ECAP4                              
1     000085b4  _ECAP_AVG                           
1     00006040  _ECanaLAMRegs                       
1     000060c0  _ECanaMOTORegs                      
1     00006080  _ECanaMOTSRegs                      
1     00006100  _ECanaMboxes                        
1     00006000  _ECanaRegs                          
1     00006a00  _ECap1Regs                          
0     003ed73f  _EMPTY_ISR                          
0     003ed73a  _EMUINT_ISR                         
0     003ed735  _EPWM1_INT_ISR                      
0     003ed730  _EPWM1_TZINT_ISR                    
0     003ed72b  _EPWM2_INT_ISR                      
0     003ed726  _EPWM2_TZINT_ISR                    
0     003ed721  _EPWM3_INT_ISR                      
0     003ed71c  _EPWM3_TZINT_ISR                    
0     003ed717  _EPWM4_INT_ISR                      
0     003ed712  _EPWM4_TZINT_ISR                    
0     003ed70d  _EPWM5_INT_ISR                      
0     003ed708  _EPWM5_TZINT_ISR                    
0     003ed703  _EPWM6_INT_ISR                      
0     003ed6fe  _EPWM6_TZINT_ISR                    
0     003ed6f9  _EPWM7_INT_ISR                      
0     003ed6f4  _EPWM7_TZINT_ISR                    
1     00006800  _EPwm1Regs                          
1     00006840  _EPwm2Regs                          
1     00006880  _EPwm3Regs                          
1     000068c0  _EPwm4Regs                          
1     00006900  _EPwm5Regs                          
1     00006940  _EPwm6Regs                          
1     00006980  _EPwm7Regs                          
0     003ed6ef  _EQEP1_INT_ISR                      
1     00006b00  _EQep1Regs                          
1     00000d01  _EmuBMode                           
1     00000d00  _EmuKey                             
0     003ede3e  _EnableInterrupts                   
1     0000805c  _End_of_data                        
0     003ed8a4  _ExtOscSel                          
1     00000a80  _FlashRegs                          
1     00000d04  _Flash_CPUScaleFactor               
1     00000d02  _Flash_CallbackPtr                  
1     0000800b  _Frame_Received                     
1     00008005  _Frame_Size                         
1     00008088  _GSM_BreakFlag                      
1     00008084  _GSM_CompleteFlag                   
0     003ec1ec  _GSM_DataUpdate                     
1     0000808f  _GSM_DelayCount                     
1     0000806f  _GSM_EnableFlag                     
1     0000809b  _GSM_EventCount                     
1     0000807c  _GSM_LOOP_COUNT                     
1     000080c4  _GSM_Repeat_Count                   
1     000080c8  _GSM_Repeat_Count_max               
1     00008094  _GSM_Restart_Count                  
1     00008091  _GSM_Restart_Count_Max              
1     0000807b  _GSM_SendUpdateFlag                 
1     00008086  _GSM_StartFlag                      
1     00008082  _GSM_SyncFlag                       
1     00008095  _GSM_TX_SendFlag                    
1     00008089  _GSM_Tx_pos                         
1     00006f80  _GpioCtrlRegs                       
1     00006fc0  _GpioDataRegs                       
1     00006fe0  _GpioIntRegs                        
1     000085e3  _GraphPlotFlag                      
1     000086db  _GridFOutofRangeFlag                
1     000086df  _GridVOutofRangeFlag                
0     003ed2ac  _Grid_PVvoltagetrip                 
0     003ed1d2  _Grid_amcbias_cal                   
0     003ed258  _Grid_over_under_voltage_trip       
0     003ed6ea  _I2CINT1A_ISR                       
0     003ed6e5  _I2CINT2A_ISR                       
1     00007900  _I2caRegs                           
1     00008021  _ID                                 
0     003ed6e0  _ILLEGAL_ISR                        
0     003ed6db  _INT13_ISR                          
0     003ed6d6  _INT14_ISR                          
0     003fead8  _IQ10mpyRndSatTable                 
0     003feacc  _IQ11mpyRndSatTable                 
0     003feac0  _IQ12mpyRndSatTable                 
0     003feab4  _IQ13mpyRndSatTable                 
0     003feaa8  _IQ14mpyRndSatTable                 
0     003fea9c  _IQ15mpyRndSatTable                 
0     003fea90  _IQ16mpyRndSatTable                 
0     003fea84  _IQ17mpyRndSatTable                 
0     003fea78  _IQ18mpyRndSatTable                 
0     003fea6c  _IQ19mpyRndSatTable                 
0     003feb44  _IQ1mpyRndSatTable                  
0     003fea60  _IQ20mpyRndSatTable                 
0     003fea54  _IQ21mpyRndSatTable                 
0     003fea48  _IQ22mpyRndSatTable                 
0     003fea3c  _IQ23mpyRndSatTable                 
0     003fea30  _IQ24mpyRndSatTable                 
0     003fea24  _IQ25mpyRndSatTable                 
0     003fea18  _IQ26mpyRndSatTable                 
0     003fea0c  _IQ27mpyRndSatTable                 
0     003fea00  _IQ28mpyRndSatTable                 
0     003fe9f4  _IQ29mpyRndSatTable                 
0     003feb38  _IQ2mpyRndSatTable                  
0     003fe9e8  _IQ30mpyRndSatTable                 
0     003feb2c  _IQ3mpyRndSatTable                  
0     003feb20  _IQ4mpyRndSatTable                  
0     003feb14  _IQ5mpyRndSatTable                  
0     003feb08  _IQ6mpyRndSatTable                  
0     003feafc  _IQ7mpyRndSatTable                  
0     003feaf0  _IQ8mpyRndSatTable                  
0     003feae4  _IQ9mpyRndSatTable                  
0     003fe824  _IQatan2HalfPITable                 
0     003fe862  _IQatan2Table                       
0     003fe9e8  _IQatan2TableEnd                    
0     003fe100  _IQcosTable                         
0     003fe502  _IQcosTableEnd                      
0     003fe502  _IQdivRoundSatTable                 
0     003fe510  _IQdivTable                         
0     003fe712  _IQdivTableEnd                      
0     003fe712  _IQisqrtRoundSatTable               
0     003fe722  _IQisqrtTable                       
0     003fe824  _IQisqrtTableEnd                    
0     003fe9e8  _IQmpyRndSatTable                   
0     003feb50  _IQmpyRndSatTableEnd                
0     003fe000  _IQsinTable                         
0     003fe400  _IQsinTableEnd                      
0     003fe712  _IQsqrtRoundSatTable                
0     003fe722  _IQsqrtTable                        
0     003fe824  _IQsqrtTableEnd                     
0     003ed4b6  _InitAdc                            
0     003ed490  _InitAdcAio                         
0     003ecfe1  _InitComparator                     
0     003edf43  _InitECap                           
0     003edf2c  _InitECap1Gpio                      
0     003edf2c  _InitECapGpio                       
0     003ed018  _InitECapture                       
0     003edb83  _InitEPwm                           
0     003ecdb6  _InitEPwm1Example                   
0     003edad5  _InitEPwm1Gpio                      
0     003ece43  _InitEPwm2Example                   
0     003edaeb  _InitEPwm2Gpio                      
0     003eceb8  _InitEPwm3Example                   
0     003edb01  _InitEPwm3Gpio                      
0     003ecf2a  _InitEPwm4Example                   
0     003edb19  _InitEPwm4Gpio                      
0     003edb31  _InitEPwm5Gpio                      
0     003edb47  _InitEPwm6Gpio                      
0     003edb5d  _InitEPwm7Gpio                      
0     003edb74  _InitEPwmGpio                       
0     003edac9  _InitEPwmSyncGpio                   
0     00009bd7  _InitFlash                          
0     003ed849  _InitPeripheralClocks               
0     003ede1f  _InitPieCtrl                        
0     003edf44  _InitPieVectTable                   
0     003ed7f7  _InitPll                            
0     003edede  _InitSci                            
0     003edec4  _InitSciGpio                        
0     003edec4  _InitSciaGpio                       
0     003ed88c  _InitSysCtrl                        
0     003edaba  _InitTzGpio                         
0     003ed7df  _IntOsc1Sel                         
0     003ed7cb  _IntOsc2Sel                         
1     000085c8  _IoRef                              
1     00008640  _Ioutput                            
0     003ed054  _LED_Indication                     
0     003ed6d1  _LIN0INTA_ISR                       
0     003ed6cc  _LIN1INTA_ISR                       
0     003ed6c7  _LUF_ISR                            
0     003ed6c2  _LVF_ISR                            
1     00006c00  _LinaRegs                           
1     000086d4  _MPPTFACTOR_BENCHTESTING            
0     003ed3e5  _MPPTRoutine                        
1     00008066  _Master_PC                          
1     000086cb  _Max_Neg_grid_voltage               
1     000086c3  _Max_Pos_grid_voltage               
0     003edf55  _MemCopy                            
0     00009bf4  _ModeChangeover                     
1     000080c2  _MuidByteConv                       
0     003ed6bd  _NMI_ISR                            
1     00007060  _NmiIntruptRegs                     
0     003ed209  _OFFGrid_PVvoltagetrip              
1     000085e5  _OffGridStartupFlag                 
1     000085e6  _OffGridzeroCrossCount              
1     000085dd  _OffgridStartedflag                 
0     003ed6b8  _PIE_RESERVED                       
1     0000802a  _PLC_Ready                          
1     000086e7  _PVTripClearCounter                 
1     000086cf  _PV_INPUT_COUNT_OFF                 
1     000086d3  _PV_Voltage_Tripcount               
1     000086d2  _PV_Voltage_Tripflag                
0     003ed9bf  _PWMSTOP                            
1     000086e0  _PWMSetFlag                         
1     003d7e80  _PartIdRegs                         
1     000086cd  _PeakError                          
1     000086ce  _Peak_Neg_grid_voltage              
1     000086c2  _Peak_Pos_grid_voltage              
1     00008035  _Pi1                                
1     00000ce0  _PieCtrlRegs                        
1     00000d00  _PieVectTable                       
0     003f21b8  _PieVectTableInit                   
1     000085ca  _Poutput                            
1     00008001  _RS485_Start                        
1     00008000  _RS485_TXEnable_Count               
1     0000800c  _RS485_TX_Enable                    
1     0000801e  _RS_485_Data_delay                  
0     003ed6b3  _RTOSINT_ISR                        
1     00008052  _RX_CRC_Val                         
1     00008056  _RX_CRC_calc_over                   
1     00008053  _RX_CRC_calc_start                  
1     00008054  _RX_CRC_pos                         
1     0000808e  _RX_DataRcvd_Flag                   
1     000085c0  _Ra                                 
1     00008710  _Ra_float                           
0     003ea200  _RamconstsLoadEnd                   
0     003ea000  _RamconstsLoadStart                 
0     00008800  _RamconstsRunStart                  
0     003f0c0a  _RamfuncsLoadEnd                    
0     003f0000  _RamfuncsLoadStart                  
0     00009000  _RamfuncsRunStart                   
1     0000810e  _Rcvd_Data_Total                    
1     00008180  _Rcvd_Rx_Data                       
1     0000814b  _Rcvd_Rx_Data_1                     
1     000081c0  _Rcvd_Rx_Data_2                     
1     000081d4  _Rcvd_Rx_Data_3                     
1     00008194  _Rcvd_Rx_Data_4                     
1     000081a8  _Rcvd_Rx_Data_5                     
1     00008087  _Read_Index                         
1     0000801c  _Read_count                         
1     00008712  _Restart_count                      
1     000085c1  _Rsa                                
1     0000870e  _Rsa_float                          
1     0000806d  _RxSlaveAddress                     
1     00008280  _Rx_Buffer                          
1     0000806c  _Rx_ErrorCount                      
1     00008072  _Rx_FRUP                            
1     00008200  _Rx_Frame                           
1     00008071  _Rx_Frame_len                       
1     0000805e  _Rx_ID                              
1     0000801d  _Rx_Index                           
1     0000801f  _Rx_LSB                             
1     00008022  _Rx_MSB                             
1     00008098  _Rx_Ready                           
1     0000800d  _Rx_Received                        
1     00008073  _Rx_SyncStart                       
1     00008074  _Rx_flag                            
1     0000801a  _Rx_time_count                      
1     00008003  _Rx_timeout                         
1     00008017  _Rx_timeout_enable                  
1     0000804f  _S1uidByte12                        
1     0000804c  _S1uidByte34                        
1     000080c0  _S1uidByteConv                      
1     0000804d  _S2uidByte12                        
1     00008044  _S2uidByte34                        
1     000080de  _S2uidByteConv                      
1     00008047  _S3uidByte12                        
1     00008042  _S3uidByte34                        
1     000080b6  _S3uidByteConv                      
1     00008043  _S4uidByte12                        
1     00008048  _S4uidByte34                        
1     000080b4  _S4uidByteConv                      
1     00008045  _S5uidByte12                        
1     00008046  _S5uidByte34                        
1     000080b8  _S5uidByteConv                      
0     003ed6ae  _SCIRXINTA_ISR                      
0     003ed6a9  _SCITXINTA_ISR                      
0     003ed6a4  _SPIRXINTA_ISR                      
0     003ed69f  _SPIRXINTB_ISR                      
0     003ed69a  _SPITXINTA_ISR                      
0     003ed695  _SPITXINTB_ISR                      
1     00007050  _SciaRegs                           
1     0000815f  _Send_Tx_Data                       
0     003ed7c1  _ServiceDog                         
1     00008036  _SlaveStartDelay                    
1     00008039  _SlaveStartFlag                     
1     00008013  _Slave_Current                      
1     00008100  _Slave_Run_Status                   
1     0000800e  _Slave_SystemState                  
0     003ec000  _Slaveid_Calc                       
1     00007040  _SpiaRegs                           
1     00007740  _SpibRegs                           
1     000085e0  _StatemachineCheckFlag              
1     000085e2  _StatemachineFaultCounter           
1     00007010  _SysCtrlRegs                        
1     00000985  _SysPwrCtrlRegs                     
0     003ed690  _TINT0_ISR                          
1     0000807a  _TX_FIFO_Count                      
1     0000809d  _TX_SendFlag                        
0     003ed37d  _Temperaturefault                   
1     0000803b  _TotalPLC                           
1     0000803c  _TotalPLC_Slaves                    
1     000080c6  _Total_Current                      
1     000085f2  _Trip_inverterPeriod                
1     000085f3  _Trip_zeroCrossDetectFlag           
1     0000806b  _TxSlaveAddress                     
1     00008090  _Tx_DataSend_Flag                   
1     00008070  _Tx_FRUP                            
1     00008085  _Tx_Frame_len                       
1     0000805f  _Tx_ID                              
1     0000802d  _Tx_Index                           
1     0000800a  _Tx_Sent                            
1     000083c0  _Tx_buffer                          
1     0000808b  _Tx_buffer_index                    
1     0000808a  _Tx_buffer_index1                   
1     00008300  _Tx_frame                           
1     00008028  _Tx_sent_Success                    
1     00008006  _Tx_timeout                         
1     00008004  _Tx_timeout_enable                  
1     000080f6  _UID_TxGSM                          
1     000080ea  _UID_TxGSM_2                        
1     000080ee  _UID_TxGSM_3                        
1     000080fa  _UID_TxGSM_4                        
1     000080f2  _UID_TxGSM_5                        
0     003ed68b  _USER10_ISR                         
0     003ed686  _USER11_ISR                         
0     003ed681  _USER12_ISR                         
0     003ed67c  _USER1_ISR                          
0     003ed677  _USER2_ISR                          
0     003ed672  _USER3_ISR                          
0     003ed66d  _USER4_ISR                          
0     003ed668  _USER5_ISR                          
0     003ed663  _USER6_ISR                          
0     003ed65e  _USER7_ISR                          
0     003ed659  _USER8_ISR                          
0     003ed654  _USER9_ISR                          
1     000084c0  _Update_Buffer                      
1     000086e9  _VariablePIFlag                     
1     000085c9  _VoRef                              
0     003ed64f  _WAKEINT_ISR                        
0     003ed64a  _XINT1_ISR                          
0     003ed645  _XINT2_ISR                          
0     003ed640  _XINT3_ISR                          
1     00007070  _XIntruptRegs                       
0     003ed7ad  _XtalOscSel                         
1     000085e1  _ZCStartupCounter                   
1     000085aa  _Zc1                                
1     000085de  _Zcd1Flag                           
0     003f66fc  __IQ15isqrt                         
0     003f679a  __IQ15rmpy                          
0     003f6784  __IQ15rsmpy                         
0     003f6742  __IQ15sqrt                          
1     00000350  __STACK_END                         
abs   00000300  __STACK_SIZE                        
1     000085b8  ___TI_cleanup_ptr                   
1     000085ba  ___TI_dtors_ptr                     
1     000085b6  ___TI_enable_exit_profile_output    
abs   ffffffff  ___TI_pprof_out_hndl                
abs   ffffffff  ___TI_prof_data_size                
abs   ffffffff  ___TI_prof_data_start               
abs   ffffffff  ___binit__                          
abs   ffffffff  ___c_args__                         
0     003f6000  ___cinit__                          
0     003edf92  ___etext__                          
abs   ffffffff  ___pinit__                          
0     003ec000  ___text__                           
0     003edefa  __args_main                         
1     000085bc  __lock                              
0     003edf90  __nop                               
1     00000050  __stack                             
0     003edf91  __system_post_cinit                 
0     003edf8e  __system_pre_init                   
1     000085be  __unlock                            
0     003eddcd  _abort                              
1     000086ef  _acCurrentOffset                    
1     0000871c  _acCurrentOffsetAverage             
1     000086ea  _acCurrentOffsetCounter             
1     000086eb  _acCurrentOffsetFlag                
0     003ed196  _ac_cal                             
1     000086c8  _ac_counter                         
1     0000802b  _ack_rcvd_counter                   
1     000086d7  _acoffset_cal                       
1     000086c5  _acoffset_cal2                      
1     000086c4  _acoffsetcounter                    
0     00009000  _adc_isr                            
1     00008016  _all_received                       
1     00008015  _all_sent                           
1     000085fd  _averageFlybackCurrent1             
1     00008602  _averageFlybackCurrent2             
1     00008620  _averagePeakOutputPower             
1     000085ff  _averageRectifiedCurrent            
1     00008621  _averageRectifiedCurrentoff         
1     00008613  _avgInputDataReadyFlag              
1     000085f5  _avgPeakGridVotlage                 
1     000085f4  _avgPeakGridVotlage1                
1     00008614  _burstModeActiveCounter             
1     00008615  _burstModeActiveFlag                
0     003edd4f  _c_int00                            
0     003ecdb1  _clear_Rx_frame                     
0     003ecdac  _clear_Tx_frame                     
1     00008026  _controol_enable                    
1     00008023  _copy_Total_Current                 
0     003ede47  _copy_in                            
1     000085a1  _count                              
1     000085a4  _counter_100us                      
1     00008034  _crc                                
0     003ecb17  _crc8                               
1     00008068  _crc_calc_fail                      
1     000086c0  _criticalFaultCounter               
1     0000860e  _criticalFaultFlag                  
1     000086fa  _criticalFaultRestartFlag           
1     000085fe  _currentArrayCnt                    
1     000085c7  _currentError                       
1     0000860c  _currentReferenceDynamic            
1     000085a2  _current_counter                    
1     000085fa  _d                                  
1     0000805d  _data_reception_successful          
1     000085cc  _decoupleTerm                       
1     0000860f  _deltaAngle                         
1     000086e5  _deltaV                             
1     000085ea  _deltaV1                            
1     00008700  _driveSupplyFaultCnt                
1     00008600  _driveSupplyVoltage                 
1     000085d1  _dtime_counter                      
1     00008069  _dummy_data                         
1     000086ca  _dummycounter                       
1     000086c9  _dummycounter1                      
1     000086e4  _dummycounter2                      
1     000086e8  _dummycounter3                      
1     000086e6  _dummycounter4                      
0     003edcd1  _ecap1_isr                          
0     003edf75  _epilog_c28x_1                      
0     003edf79  _epilog_c28x_2                      
0     003edc7f  _epwm4_isr                          
0     003eddcf  _exit                               
1     000086c7  _faltu_counter                      
1     000086fd  _faultIndicationResetCounter        
1     0000870c  _faultState                         
1     00008064  _faultState_Rs485                   
0     003ed459  _faultindication                    
1     000086ec  _faultindicationcounter             
0     000097d5  _faulttrip                          
1     000085d0  _filteredMaxGridVoltage             
1     000085d4  _filteredPeakGridVoltage            
1     00008611  _firstQuadrantFlag                  
1     000085a6  _flag_10ms                          
1     00008605  _flyBackDuty1                       
1     00008604  _flyBackDuty2                       
1     000085f8  _flybackCurrent1                    
1     0000866d  _flybackCurrent1Array               
1     00008648  _flybackCurrent1Sum                 
1     000085f7  _flybackCurrent2                    
1     00008655  _flybackCurrent2Array               
[...]
1     00008055  _CRC_calc_over                      
1     00008056  _RX_CRC_calc_over                   
1     00008057  _pos                                
1     00008058  _Cr_write_failure                   
1     00008059  _CR_dataread_temp2                  
1     0000805a  _CRC_Val                            
1     0000805b  _rx_crc_val                         
1     0000805c  _End_of_data                        
1     0000805d  _data_reception_successful          
1     0000805e  _Rx_ID                              
1     0000805f  _Tx_ID                              
1     00008060  _power_star_valga                   
1     00008061  _slaveRunStatus                     
1     00008062  _slaveRunStatus1                    
1     00008063  _quick_start_tx                     
1     00008064  _faultState_Rs485                   
1     00008065  _loadManagerBreakup3                
1     00008066  _Master_PC                          
1     00008067  _loadManagerBreakup1                
1     00008068  _crc_calc_fail                      
1     00008069  _dummy_data                         
1     0000806a  _loadManagerBreakup2                
1     0000806b  _TxSlaveAddress                     
1     0000806c  _Rx_ErrorCount                      
1     0000806d  _RxSlaveAddress                     
1     0000806e  _rs_485_count                       
1     0000806f  _GSM_EnableFlag                     
1     00008070  _Tx_FRUP                            
1     00008071  _Rx_Frame_len                       
1     00008072  _Rx_FRUP                            
1     00008073  _Rx_SyncStart                       
1     00008074  _Rx_flag                            
1     00008075  _Buffer3                            
1     00008076  _Buffer2                            
1     00008077  _Buffer4                            
1     00008078  _Buffer6                            
1     00008079  _Buffer5                            
1     0000807a  _TX_FIFO_Count                      
1     0000807b  _GSM_SendUpdateFlag                 
1     0000807c  _GSM_LOOP_COUNT                     
1     0000807d  _Buffer1                            
1     0000807e  _Buffer0                            
1     0000807f  _p1                                 
1     00008080  _p2                                 
1     00008081  _i2                                 
1     00008082  _GSM_SyncFlag                       
1     00008083  _msgcount                           
1     00008084  _GSM_CompleteFlag                   
1     00008085  _Tx_Frame_len                       
1     00008086  _GSM_StartFlag                      
1     00008087  _Read_Index                         
1     00008088  _GSM_BreakFlag                      
1     00008089  _GSM_Tx_pos                         
1     0000808a  _Tx_buffer_index1                   
1     0000808b  _Tx_buffer_index                    
1     0000808c  _Buffer7                            
1     0000808d  _gsm_soft_reset_count               
1     0000808e  _RX_DataRcvd_Flag                   
1     0000808f  _GSM_DelayCount                     
1     00008090  _Tx_DataSend_Flag                   
1     00008091  _GSM_Restart_Count_Max              
1     00008092  _DataDelayCount                     
1     00008093  _gsm_count                          
1     00008094  _GSM_Restart_Count                  
1     00008095  _GSM_TX_SendFlag                    
1     00008096  _pos1                               
1     00008097  _tx_pack_flag1                      
1     00008098  _Rx_Ready                           
1     00008099  _tx_pack_flag                       
1     0000809a  _AddBuf                             
1     0000809b  _GSM_EventCount                     
1     0000809c  _tx_data_test_prev                  
1     0000809d  _TX_SendFlag                        
1     0000809e  _rx_pos                             
1     000080a0  _msg2                               
1     000080a2  _msg1                               
1     000080a4  _msg                                
1     000080a6  _uidByteConv1                       
1     000080a8  _uidByteConv                        
1     000080aa  _msg6                               
1     000080ac  _msg6_1                             
1     000080ae  _msg6_2                             
1     000080b0  _msg4                               
1     000080b2  _msg5                               
1     000080b4  _S4uidByteConv                      
1     000080b6  _S3uidByteConv                      
1     000080b8  _S5uidByteConv                      
1     000080ba  _incIndex                           
1     000080bc  _msg3                               
1     000080be  _lresult                            
1     000080c0  _S1uidByteConv                      
1     000080c2  _MuidByteConv                       
1     000080c4  _GSM_Repeat_Count                   
1     000080c6  _Total_Current                      
1     000080c8  _GSM_Repeat_Count_max               
1     000080ca  _msg7_1                             
1     000080cc  _Buffer8                            
1     000080ce  _msg7_3                             
1     000080d0  _msg7_4                             
1     000080d2  _msg7_5                             
1     000080d4  _msg7_2                             
1     000080d6  _msg9                               
1     000080d8  _msg10                              
1     000080da  _msg7                               
1     000080dc  _msg8                               
1     000080de  _S2uidByteConv                      
1     000080e0  _msg7_0                             
1     000080e2  _msg_reset                          
1     000080e4  _msg12                              
1     000080e6  _msg7_6                             
1     000080e8  _msg11                              
1     000080ea  _UID_TxGSM_2                        
1     000080ee  _UID_TxGSM_3                        
1     000080f2  _UID_TxGSM_5                        
1     000080f6  _UID_TxGSM                          
1     000080fa  _UID_TxGSM_4                        
1     00008100  _Slave_Run_Status                   
1     00008106  _tmp                                
1     0000810e  _Rcvd_Data_Total                    
1     00008140  _tmp1                               
1     0000814b  _Rcvd_Rx_Data_1                     
1     0000815f  _Send_Tx_Data                       
1     00008180  _Rcvd_Rx_Data                       
1     00008194  _Rcvd_Rx_Data_4                     
1     000081a8  _Rcvd_Rx_Data_5                     
1     000081c0  _Rcvd_Rx_Data_2                     
1     000081d4  _Rcvd_Rx_Data_3                     
1     00008200  _Rx_Frame                           
1     00008280  _Rx_Buffer                          
1     00008300  _Tx_frame                           
1     000083c0  _Tx_buffer                          
1     000084c0  _Update_Buffer                      
1     00008588  _CpuTimer1                          
1     00008590  _CpuTimer0                          
1     00008598  _CpuTimer2                          
1     000085a0  _max_count                          
1     000085a1  _count                              
1     000085a2  _current_counter                    
1     000085a3  _i                                  
1     000085a4  _counter_100us                      
1     000085a5  _statemachineflag                   
1     000085a6  _flag_10ms                          
1     000085a8  _frequancy_mains                    
1     000085aa  _Zc1                                
1     000085ac  _ECAP1                              
1     000085ae  _ECAP3                              
1     000085b0  _ECAP4                              
1     000085b2  _ECAP2                              
1     000085b4  _ECAP_AVG                           
1     000085b6  ___TI_enable_exit_profile_output    
1     000085b8  ___TI_cleanup_ptr                   
1     000085ba  ___TI_dtors_ptr                     
1     000085bc  __lock                              
1     000085be  __unlock                            
1     000085c0  _Ra                                 
1     000085c1  _Rsa                                
1     000085c2  _inverterPeriodCounter_off          
1     000085c3  _offgridVoltage                     
1     000085c4  _setRef_acVoltage                   
1     000085c5  _softstart_counter                  
1     000085c6  _sfst_acVoltage                     
1     000085c7  _currentError                       
1     000085c8  _IoRef                              
1     000085c9  _VoRef                              
1     000085ca  _Poutput                            
1     000085cb  _flybackDutyCycle                   
1     000085cc  _decoupleTerm                       
1     000085cd  _rectifiedVac                       
1     000085ce  _tripcount                          
1     000085cf  _maxGridVoltage                     
1     000085d0  _filteredMaxGridVoltage             
1     000085d1  _dtime_counter                      
1     000085d2  _prevGridVoltage                    
1     000085d3  _gridVoltage                        
1     000085d4  _filteredPeakGridVoltage            
1     000085d5  _rectifiedGridVoltage               
1     000085d6  _peakGridVoltage                    
1     000085d7  _grid_present_count                 
1     000085d8  _grid_failure                       
1     000085d9  _peakgridvoltagereadycounter        
1     000085da  _grid_present                       
1     000085db  _frequencyFaultCounter              
1     000085dc  _temop                              
1     000085dd  _OffgridStartedflag                 
1     000085de  _Zcd1Flag                           
1     000085df  _peakgridvoltagereadyflag           
1     000085e0  _StatemachineCheckFlag              
1     000085e1  _ZCStartupCounter                   
1     000085e2  _StatemachineFaultCounter           
1     000085e3  _GraphPlotFlag                      
1     000085e4  _grid_present_flag                  
1     000085e5  _OffGridStartupFlag                 
1     000085e6  _OffGridzeroCrossCount              
1     000085e7  _flybackoncounter                   
1     000085e8  _flybackshutdownflag                
1     000085e9  _shortcktcount                      
1     000085ea  _deltaV1                            
1     000085eb  _previnputvoltage                   
1     000085ec  _flybacktron                        
1     000085ed  _startupZeroCrossCounter1           
1     000085ee  _voltageArrayCnt                    
1     000085ef  _peakGridVoltageSum                 
1     000085f0  _twoAvgPeakGridVoltageflag          
1     000085f1  _voltageArrayCnt1                   
1     000085f2  _Trip_inverterPeriod                
1     000085f3  _Trip_zeroCrossDetectFlag           
1     000085f4  _avgPeakGridVotlage1                
1     000085f5  _avgPeakGridVotlage                 
1     000085f6  _mpptFactorMaximum                  
1     000085f7  _flybackCurrent2                    
1     000085f8  _flybackCurrent1                    
1     000085f9  _inverterOutputCurrent              
1     000085fa  _d                                  
1     000085fb  _temp1                              
1     000085fc  _inverterOutputVoltage              
1     000085fd  _averageFlybackCurrent1             
1     000085fe  _currentArrayCnt                    
1     000085ff  _averageRectifiedCurrent            
1     00008600  _driveSupplyVoltage                 
1     00008601  _pvPanelVoltage                     
1     00008602  _averageFlybackCurrent2             
1     00008603  _measuredTemperature                
1     00008604  _flyBackDuty2                       
1     00008605  _flyBackDuty1                       
1     00008606  _peakInverterOutputVoltage          
1     00008607  _rectifiedInverterOutputVoltage     
1     00008608  _maxInverterOutputVoltage           
1     00008609  _rectifiedInverterOutputCurrent     
1     0000860a  _sineAngle                          
1     0000860b  _globalAngle                        
1     0000860c  _currentReferenceDynamic            
1     0000860d  _fullBridgeState                    
1     0000860e  _criticalFaultFlag                  
1     0000860f  _deltaAngle                         
1     00008610  _ninetyDegreeDetectFlag             
1     00008611  _firstQuadrantFlag                  
1     00008612  _zeroCrossCount                     
1     00008613  _avgInputDataReadyFlag              
1     00008614  _burstModeActiveCounter             
1     00008615  _burstModeActiveFlag                
1     00008616  _thirdQuadrantFlag                  
1     00008617  _zeroCrossDetectFlag                
1     00008618  _inverterPeriodCounter              
1     00008619  _inverterPeriod                     
1     0000861a  _numberofSamples                    
1     0000861b  _startupZeroCrossCounter            
1     0000861c  _zcCounter                          
1     0000861d  _prevInverterPeriod                 
1     0000861e  _prevFullBridgeState                
1     0000861f  _peakOutputPowerArrayCnt            
1     00008620  _averagePeakOutputPower             
1     00008621  _averageRectifiedCurrentoff         
1     00008622  _peakOutputPower                    
1     00008623  _peakInverterOutputCurrent          
1     00008624  _maxInverterOutputCurrent           
1     00008626  _my_Vrms_q15                        
1     00008628  _my_rms_count                       
1     0000862a  _my_Irms_q15                        
1     0000862c  _my_Irms_q15_result                 
1     0000862e  _my_Prms_q15                        
1     00008630  _inputVoltageSum                    
1     00008632  _my_Vrms_acc                        
1     00008634  _my_Vrms_q15_Sum                    
1     00008636  _my_Vrms_q15_AVG                    
1     00008638  _my_Irms_acc                        
1     0000863a  _my_Prms_acc                        
1     0000863c  _inputCurrentSum                    
1     0000863e  _rectifiedInverterOutputCurrentSum  
1     00008640  _Ioutput                            
1     00008642  _temp_decouple                      
1     00008644  _totalOutput                        
1     00008646  _peakOutputPowerSum                 
1     00008648  _flybackCurrent1Sum                 
1     0000864a  _peakGridVoltageSum1                
1     0000864c  _temp_Ioutput                       
1     0000864e  _flybackCurrent2Sum                 
1     00008650  _peakGridVoltageArray               
1     00008655  _flybackCurrent2Array               
1     0000865d  _peakOutputPowerArray               
1     00008665  _rectifiedInverterOutputCurrentArray
1     0000866d  _flybackCurrent1Array               
1     00008680  _peakGridVoltageArray1              
1     000086c0  _criticalFaultCounter               
1     000086c1  _AC_grid_voltage                    
1     000086c2  _Peak_Pos_grid_voltage              
1     000086c3  _Max_Pos_grid_voltage               
1     000086c4  _acoffsetcounter                    
1     000086c5  _acoffset_cal2                      
1     000086c6  _AC_inv_offset                      
1     000086c7  _faltu_counter                      
1     000086c8  _ac_counter                         
1     000086c9  _dummycounter1                      
1     000086ca  _dummycounter                       
1     000086cb  _Max_Neg_grid_voltage               
1     000086cc  _AC_grid_offset                     
1     000086cd  _PeakError                          
1     000086ce  _Peak_Neg_grid_voltage              
1     000086cf  _PV_INPUT_COUNT_OFF                 
1     000086d0  _overcurrentcount                   
1     000086d1  _maxInverterOutputCurrentflag       
1     000086d2  _PV_Voltage_Tripflag                
1     000086d3  _PV_Voltage_Tripcount               
1     000086d4  _MPPTFACTOR_BENCHTESTING            
1     000086d5  _mpptScaleFactor                    
1     000086d6  _AMC_cal                            
1     000086d7  _acoffset_cal                       
1     000086d8  _pv_Input_voltage_average           
1     000086d9  _prevInputPower                     
1     000086da  _frequencyFaultclearCounter         
1     000086db  _GridFOutofRangeFlag                
1     000086de  _offGridFlag                        
1     000086df  _GridVOutofRangeFlag                
1     000086e0  _PWMSetFlag                         
1     000086e1  _relaycounter2                      
1     000086e2  _relaycounter1                      
1     000086e3  _start_current_fault_check          
1     000086e4  _dummycounter2                      
1     000086e5  _deltaV                             
1     000086e6  _dummycounter4                      
1     000086e7  _PVTripClearCounter                 
1     000086e8  _dummycounter3                      
1     000086e9  _VariablePIFlag                     
1     000086ea  _acCurrentOffsetCounter             
1     000086eb  _acCurrentOffsetFlag                
1     000086ec  _faultindicationcounter             
1     000086ed  _zeroCrossDelayMin                  
1     000086ee  _zeroCrossDelayNom                  
1     000086ef  _acCurrentOffset                    
1     000086f0  _mpptStartUpFlag                    
1     000086f1  _mpptCounter                        
1     000086f2  _inputCurrentAverage                
1     000086f3  _inverterPeriodMin                  
1     000086f4  _zeroCrossDelayMax                  
1     000086f5  _inputVoltageAverage                
1     000086f6  _inverterPeriodMax                  
1     000086f7  _overTemperatureFlag                
1     000086f8  _pvPanelUnderVoltageFlag            
1     000086f9  _tempFaultCnt                       
1     000086fa  _criticalFaultRestartFlag           
1     000086fb  _storeFaultState                    
1     000086fc  _pvUnderVoltageCounter              
1     000086fd  _faultIndicationResetCounter        
1     000086fe  _inverterOutputOverCurrent          
1     000086ff  _startFullBridgeFlag                
1     00008700  _driveSupplyFaultCnt                
1     00008701  _pvPanelOverVoltageFlag             
1     00008702  _zeroCrossDelay                     
1     00008703  _mpptFaultCounter                   
1     00008704  _inverterOverCurrentCounter         
1     00008705  _gridFlag                           
1     00008706  _systemState                        
1     00008707  _switchState                        
1     00008708  _prevInputVoltageAverage            
1     00008709  _mpptFactor                         
1     0000870a  _inputPower                         
1     0000870b  _openCircuitVoltage                 
1     0000870c  _faultState                         
1     0000870e  _Rsa_float                          
1     00008710  _Ra_float                           
1     00008712  _Restart_count                      
1     00008714  _AC_grid_voltage_average            
1     00008716  _AMCbiascounter                     
1     00008718  _AC_Voltage_Average                 
1     0000871a  _pv_Input_voltage_sum               
1     0000871c  _acCurrentOffsetAverage             
1     00008720  _systemRestartCounter               
1     003d7e80  _PartIdRegs                         
1     003f7ff8  _CsmPwl                             
abs   00000300  __STACK_SIZE                        
abs   ffffffff  ___TI_pprof_out_hndl                
abs   ffffffff  ___TI_prof_data_size                
abs   ffffffff  ___TI_prof_data_start               
abs   ffffffff  ___binit__                          
abs   ffffffff  ___c_args__                         
abs   ffffffff  ___pinit__                          
abs   ffffffff  binit                               
abs   ffffffff  pinit                               

[766 symbols]
